#-----------------------------------------------------------
# Webtalk v2020.2 (64-bit)
# SW Build 3064766 on Wed Nov 18 09:12:45 MST 2020
# IP Build 3064653 on Wed Nov 18 14:17:31 MST 2020
# Start of session at: Tue May  3 23:54:05 2022
# Process ID: 19900
# Current directory: C:/Users/david/OneDrive/Dokumenty/GitHub/digital-electronics-1/project/20220503/Simulation/Simulation.sim/sim_1/behav/xsim
# Command line: wbtcv.exe -mode batch -source C:/Users/david/OneDrive/Dokumenty/GitHub/digital-electronics-1/project/20220503/Simulation/Simulation.sim/sim_1/behav/xsim/xsim.dir/tb_alphabet_to_code_behav/webtalk/xsim_webtalk.tcl -notrace
# Log file: C:/Users/david/OneDrive/Dokumenty/GitHub/digital-electronics-1/project/20220503/Simulation/Simulation.sim/sim_1/behav/xsim/webtalk.log
# Journal file: C:/Users/david/OneDrive/Dokumenty/GitHub/digital-electronics-1/project/20220503/Simulation/Simulation.sim/sim_1/behav/xsim\webtalk.jou
#-----------------------------------------------------------
source C:/Users/david/OneDrive/Dokumenty/GitHub/digital-electronics-1/project/20220503/Simulation/Simulation.sim/sim_1/behav/xsim/xsim.dir/tb_alphabet_to_code_behav/webtalk/xsim_webtalk.tcl -notrace
